# src dst size_flits injection_cycle request_id
# CHECK column order against your BookSim trace-traffic-manager parser.
0 2 832 636244720 0
0 4 4992000 636244720 0
2 0 8 689375763 0
0 4 44096 758221501 0
4 3 4 758244279 0
3 1 8 811376061 0
1 4 10816 880223128 0
4 2 4 880245907 0
2 0 8 933377859 0
0 4 7488 1002225233 0
4 3 4 1002248011 0
3 1 8 1055380078 0
1 4 4160 1124227656 0
4 2 4 1124250434 0
2 0 8 1177382557 0
0 4 14144 1246230238 0
4 3 4 1246253016 0
3 1 8 1299385366 0
1 4 47424 1368233456 0
4 2 4 1368256234 0
2 0 8 1421389380 0
0 4 14144 1490238901 0
4 3 4 1490261679 0
3 1 8 1543395053 0
1 4 7488 1612244982 0
4 2 4 1612267761 0
2 0 8 1665401248 0
0 4 7488 1734251382 0
4 3 4 1734274160 0
3 1 8 1787407761 0
1 4 14144 1856258099 0
4 2 4 1856280878 0
2 0 8 1909414706 0
0 4 4160 1978265453 0
4 3 4 1978288232 0
3 1 8 2031422117 0
1 4 17472 2100272966 0
4 2 4 2100295745 0
2 0 8 2153429914 0
0 4 832 2222281275 0
4 3 4 2222304053 0
3 1 8 2275438222 0
1 4 17472 2344289583 0
4 2 4 2344312361 0
2 0 8 2397446815 0
0 4 832 2466298687 0
4 3 4 2466321465 0
3 1 8 2519455918 0
1 4 27456 2588307790 0
4 2 4 2588330569 0
2 0 8 2641465477 0
0 4 10816 2710318167 0
4 3 4 2710340945 0
3 1 8 2763476023 0
1 4 10816 2832329020 0
4 2 4 2832351798 0
2 0 8 2885487047 0
0 4 832 2954340351 0
4 3 4 2954363129 0
3 1 8 3007498378 0
1 2 832 3636244720 1
1 4 4992000 3636244720 1
2 0 8 3689375763 1
1 4 832 3705098023 0
4 3 4 3705120801 0
0 4 20800 3758221501 1
4 2 4 3758244279 1
3 1 8 3758256050 0
2 1 8 3811375663 1
1 4 10816 3827109354 0
4 3 4 3827132132 0
0 4 832 3880222015 1
4 2 4 3880244793 1
3 1 8 3880267551 0
2 1 8 3933376177 1
1 4 832 3949121161 0
4 3 4 3949143940 0
0 4 20800 4002222529 1
4 2 4 4002245307 1
3 1 8 4002279359 0
2 1 8 4055377032 1
1 4 37440 4071132969 0
4 3 4 4071155748 0
0 4 7488 4124223997 1
4 2 4 4124246775 1
3 1 8 4124291792 0
2 1 8 4177378614 1
1 4 17472 4193146527 0
4 3 4 4193169305 0
0 4 17472 4246225784 1
4 2 4 4246248562 1
3 1 8 4246305634 0
2 1 8 4299380685 1
1 4 832 4315160880 0
4 3 4 4315183658 0
0 4 832 4368228366 1
4 2 4 4368251144 1
3 1 8 4368319987 0
2 1 8 4421383267 1
1 4 832 4437175233 0
4 3 4 4437198011 0
0 4 14144 4490230948 1
4 2 4 4490253726 1
3 1 8 4490334340 0
2 1 8 4543386076 1
1 4 832 4559189586 0
4 3 4 4559212364 0
0 4 4160 4612234166 1
4 2 4 4612256944 1
3 1 8 4612348693 0
2 1 8 4665389351 1
1 4 50752 4681203939 0
0 4 7488 4734237543 1
4 3 4 4734260321 1
3 1 8 4787392842 1
1 4 832 4856241238 1
4 2 4 4856264016 1
2 0 8 4909396537 1
0 4 832 4978244934 1
4 3 4 4978267712 1
3 1 8 5031400233 1
1 4 832 5100248629 1
4 2 4 5100271407 1
2 0 8 5153403928 1
0 4 832 5222252324 1
4 3 4 5222275103 1
3 1 8 5275407623 1
1 4 30784 5344256020 1
4 2 4 5344278798 1
2 0 8 5397411830 1
0 4 4160 5466261147 1
4 3 4 5466283925 1
3 1 8 5519417014 1
1 4 832 5588266433 1
4 2 4 5588289211 1
2 0 8 5641422300 1
0 4 832 5710271719 1
4 3 4 5710294497 1
3 1 8 5763427586 1
1 4 20800 5832277005 1
4 2 4 5832299783 1
2 0 8 5885433213 1
0 4 832 5954283245 1
4 3 4 5954306023 1
3 1 8 6007439454 1
1 4 7488 6076289486 1
4 2 4 6076312264 1
2 0 8 6129445808 1
0 2 832 6636244720 2
0 4 4992000 6636244720 2
3 1 8 6689375763 2
0 4 7488 6705094956 1
4 2 4 6705117734 1
1 4 4160 6758221501 2
4 3 4 6758244279 2
2 0 8 6758251392 1
3 0 8 6811375379 2
0 4 832 6827101833 1
4 2 4 6827124611 1
1 4 832 6880221220 2
4 3 4 6880243998 2
2 0 8 6880258269 1
3 0 8 6933375098 2
0 4 832 6949108709 1
4 2 4 6949131488 1
1 4 7488 7002220938 2
4 3 4 7002243716 2
2 0 8 7002265145 1
3 0 8 7055374930 2
0 4 7488 7071115586 1
4 2 4 7071138364 1
1 4 832 7124220975 2
4 3 4 7124243753 2
2 0 8 7124272136 1
3 0 8 7177374967 2
0 4 4160 7193122781 1
4 2 4 7193145559 1
1 4 24128 7246221012 2
4 3 4 7246243790 2
2 0 8 7246279387 1
3 0 8 7299375402 2
0 4 832 7315130135 1
4 2 4 7315152913 1
1 4 832 7368222162 2
4 3 4 7368244940 2
2 0 8 7368286741 1
3 0 8 7421376552 2
0 4 7488 7437137489 1
4 2 4 7437160267 1
1 4 14144 7490223312 2
4 3 4 7490246091 2
2 0 8 7490294209 1
3 0 8 7543377929 2
0 4 14144 7559145161 1
4 2 4 7559167939 1
1 4 832 7612225099 2
4 3 4 7612247877 2
2 0 8 7612302108 1
3 0 8 7665379716 2
0 4 832 7681153469 1
4 2 4 7681176247 1
1 4 4160 7734226885 2
4 3 4 7734249664 2
2 0 8 7734310416 1
3 0 8 7787381559 2
0 4 4160 7803161777 1
4 2 4 7803184556 1
1 4 7488 7856228831 2
4 3 4 7856251609 2
2 0 8 7856318782 1
3 0 8 7909383619 2
0 4 832 7925170245 1
4 2 4 7925193023 1
1 4 832 7978231095 2
4 3 4 7978253873 2
2 0 8 7978327249 1
3 0 8 8031385882 2
0 4 17472 8047178712 1
4 2 4 8047201491 1
1 4 50752 8100233358 2
4 3 4 8100256137 2
2 0 8 8100336001 1
3 0 8 8153388999 2
0 4 7488 8169187975 1
4 2 4 8169210753 1
1 4 832 8222238008 2
4 3 4 8222260786 2
2 0 8 8222345377 1
3 0 8 8275393648 2
0 4 4160 8291197556 1
4 2 4 8291220334 1
1 4 832 8344242658 2
4 3 4 8344265436 2
2 0 8 8344355015 1
3 0 8 8397398298 2
0 4 832 8413207296 1
4 2 4 8413230074 1
1 4 10816 8466247308 2
4 3 4 8466270086 2
2 0 8 8466364755 1
3 0 8 8519403118 2
0 4 27456 8535217036 1
4 2 4 8535239814 1
1 4 10816 8588252435 2
4 3 4 8588275213 2
2 0 8 8588374949 1
3 0 8 8641408416 2
0 4 10816 8657228048 1
4 2 4 8657250826 1
1 4 832 8710258039 2
4 3 4 8710280817 2
2 0 8 8710386132 1
3 0 8 8763414020 2
0 4 4160 8779239538 1
4 2 4 8779262316 1
1 4 7488 8832263643 2
4 3 4 8832286421 2
2 0 8 8832397679 1
3 0 8 8885419738 2
0 4 24128 8901251187 1
4 2 4 8901273965 1
1 4 24128 8954269565 2
4 3 4 8954292344 2
2 0 8 8954409725 1
3 0 8 9007426058 2
0 4 24128 9023263949 1
4 2 4 9023286727 1
2 0 8 9076422885 1
0 4 14144 9145277825 1
4 3 4 9145300603 1
3 1 8 9198436988 1
1 2 832 9636244720 3
1 4 4992000 9636244720 3
2 0 8 9689375763 3
1 4 4160 9705095263 2
4 3 4 9705118041 2
0 4 832 9758221501 3
4 2 4 9758244279 3
3 1 8 9758251812 2
1 4 7488 9773950611 1
4 3 4 9773973389 1
2 1 8 9811375322 3
3 0 8 9827109888 1
1 4 4160 9842801256 2
4 2 4 9842824034 2
0 4 7488 9880221060 3
4 3 4 9880243839 3
2 0 8 9895957862 2
1 4 832 9911656809 1
4 2 4 9911679587 1
3 0 8 9933374996 3
0 4 4160 9964808610 2
2 1 8 9964816086 1
4 3 4 9964831388 2
1 4 54080 10002220938 3
4 2 4 10002243716 3
3 1 8 10017965273 2
0 4 27456 10033671639 1
2 1 8 10055375783 3
1 4 10816 10086816123 2
4 3 4 10086838901 2
0 4 7488 10124223361 3
4 2 4 10124246139 3
3 1 8 10139972957 2
2 1 8 10177378319 3
1 4 34112 10208824113 2
4 3 4 10208846891 2
0 4 7488 10246226102 3
4 2 4 10246248880 3
3 1 8 10261981515 2
2 1 8 10299381174 3
1 4 37440 10330833694 2
4 3 4 10330856472 2
0 4 7488 10368229161 3
4 2 4 10368251939 3
3 1 8 10383991721 2
2 1 8 10421384347 3
1 4 4160 10452845025 2
4 3 4 10452867803 2
0 4 14144 10490232538 3
4 2 4 10490255316 3
3 1 8 10506003109 2
2 1 8 10543387951 3
1 4 7488 10574856514 2
4 3 4 10574879293 2
0 4 832 10612236552 3
4 2 4 10612259330 3
3 1 8 10628014712 2
2 1 8 10665391965 3
1 4 10816 10696868322 2
4 3 4 10696891101 2
0 4 7488 10734240565 3
4 2 4 10734263343 3
3 1 8 10750026690 2
2 1 8 10787396092 3
1 4 4160 10818880607 2
4 3 4 10818903386 2
0 4 10816 10856244897 3
4 2 4 10856267675 3
3 1 8 10872039032 2
2 1 8 10909400594 3
1 4 37440 10940893051 2
4 3 4 10940915830 2
0 4 832 10978249706 3
4 2 4 10978272484 3
3 1 8 10994052102 2
2 1 8 11031405403 3
1 4 832 11062907245 2
4 3 4 11062930023 2
0 4 832 11100254514 3
4 2 4 11100277293 3
3 1 8 11116066295 2
2 1 8 11153410211 3
1 4 27456 11184921439 2
0 4 4160 11222259323 3
4 3 4 11222282102 3
3 1 8 11275415077 3
1 4 24128 11344264291 3
4 2 4 11344287069 3
2 0 8 11397420443 3
0 4 20800 11466270373 3
4 3 4 11466293151 3
3 1 8 11519426865 3
1 4 40768 11588277408 3
4 2 4 11588300187 3
2 0 8 11641434583 3
0 4 14144 11710286353 3
4 3 4 11710309131 3
3 1 8 11763443755 3
1 4 54080 11832295934 3
4 2 4 11832318712 3
2 0 8 11885454245 3
0 4 10816 11954308060 3
4 3 4 11954330838 3
3 1 8 12007466542 3
1 4 4160 12076320663 3
4 2 4 12076343441 3
2 0 8 12129479202 3
0 2 832 12636244720 4
0 4 4992000 12636244720 4
3 1 8 12689375763 4
0 4 832 12705098943 3
4 2 4 12705121721 3
1 4 4160 12758221501 4
4 3 4 12758244279 4
2 0 8 12758257482 3
3 0 8 12811375379 4
0 4 7488 12827111705 3
4 2 4 12827134484 3
1 4 832 12880221220 4
4 3 4 12880243998 4
2 0 8 12880270358 3
3 0 8 12933375098 4
0 4 832 12949124786 3
4 2 4 12949147564 3
1 4 4160 13002220938 4
4 3 4 13002243716 4
2 0 8 13002283438 3
3 0 8 13055374873 4
0 4 10816 13071137866 3
4 2 4 13071160644 3
1 4 4160 13124220816 4
4 3 4 13124243594 4
2 0 8 13124296689 3
3 0 8 13177374808 4
0 4 14144 13193151424 3
4 2 4 13193174202 3
1 4 10816 13246220853 4
4 3 4 13246243631 4
2 0 8 13246310474 3
3 0 8 13299375015 4
0 4 4160 13315165618 3
4 2 4 13315188396 3
1 4 20800 13368221367 4
4 3 4 13368244145 4
2 0 8 13368324725 3
3 0 8 13421375870 4
0 4 4160 13437179970 3
4 2 4 13437202749 3
1 4 4160 13490222835 4
4 3 4 13490245613 4
2 0 8 13490339134 3
3 0 8 13543377395 4
0 4 7488 13559194482 3
4 2 4 13559217261 3
1 4 17472 13612224462 4
4 3 4 13612247241 4
2 0 8 13612353760 3
3 0 8 13665379307 4
0 4 30784 13681209313 3
1 4 832 13734226885 4
4 2 4 13734249664 4
2 0 8 13787381730 4
0 4 832 13856229308 4
4 3 4 13856252086 4
3 1 8 13909384153 4
1 4 4160 13978231731 4
4 2 4 13978254509 4
2 0 8 14031386632 4
0 4 832 14100234313 4
4 3 4 14100257091 4
3 1 8 14153389214 4
1 4 17472 14222236895 4
4 2 4 14222259673 4
2 0 8 14275392080 4
0 4 10816 14344240272 4
4 3 4 14344263050 4
3 1 8 14397395628 4
1 4 17472 14466244126 4
4 2 4 14466266905 4
2 0 8 14519399767 4
0 4 27456 14588248776 4
4 3 4 14588271554 4
3 1 8 14641404871 4
1 4 7488 14710254698 4
4 2 4 14710277477 4
2 0 8 14763410907 4
0 4 832 14832260939 4
4 3 4 14832283717 4
3 1 8 14885417147 4
1 4 30784 14954267179 4
4 2 4 14954289957 4
2 0 8 15007423899 4
0 4 27456 15076274851 4
4 3 4 15076297630 4
3 1 8 15129432026 4
1 3 832 15636244720 5
1 4 4992000 15636244720 5
2 0 8 15689375763 5
1 4 10816 15705096489 4
4 3 4 15705119268 4
0 4 832 15758221501 5
4 2 4 15758244279 5
3 1 8 15758253835 4
2 1 8 15811375322 5
1 4 17472 15827105911 4
4 3 4 15827128690 4
0 4 4160 15880221060 5
4 2 4 15880243839 5
3 1 8 15880263541 4
2 1 8 15933374939 5
1 4 832 15949116128 4
4 3 4 15949138907 4
0 4 10816 16002220779 5
4 2 4 16002243557 5
3 1 8 16002273758 4
2 1 8 16055374828 5
1 4 832 16071126346 4
4 3 4 16071149124 4
0 4 27456 16124220975 5
4 2 4 16124243753 5
3 1 8 16124283975 4
2 1 8 16177375479 5
1 4 10816 16193136563 4
4 3 4 16193159341 4
0 4 20800 16246222443 5
4 2 4 16246245222 5
3 1 8 16246294363 4
2 1 8 16299377288 5
1 4 14144 16315147257 4
4 3 4 16315170035 4
0 4 10816 16368224866 5
4 2 4 16368247644 5
3 1 8 16368305284 4
2 1 8 16421379881 5
1 4 832 16437158588 4
4 3 4 16437181366 4
0 4 4160 16490227766 5
4 2 4 16490250544 5
3 1 8 16490316615 4
2 1 8 16543382838 5
1 4 832 16559169918 4
4 3 4 16559192697 4
0 4 7488 16612230825 5
4 2 4 16612253603 5
3 1 8 16612327945 4
2 1 8 16665386011 5
1 4 832 16681181249 4
4 3 4 16681204027 4
0 4 4160 16734234202 5
4 2 4 16734256981 5
3 1 8 16734339276 4
2 1 8 16787389445 5
1 4 17472 16803192580 4
4 3 4 16803215358 4
0 4 17472 16856237739 5
4 2 4 16856260517 5
3 1 8 16856350891 4
2 1 8 16909393265 5
1 4 7488 16925204706 4
4 3 4 16925227484 4
0 4 10816 16978242070 5
4 2 4 16978264849 5
3 1 8 16978363130 4
2 1 8 17031397767 5
1 4 10816 17047217150 4
4 3 4 17047239928 4
0 4 14144 17100246879 5
4 2 4 17100269657 5
3 1 8 17100375745 4
2 1 8 17153402804 5
1 4 4160 17169230071 4
4 3 4 17169252849 4
0 4 832 17222252324 5
4 2 4 17222275103 5
3 1 8 17222388723 4
2 1 8 17275408249 5
1 4 54080 17291243151 4
0 4 4160 17344257769 5
4 3 4 17344280548 5
3 1 8 17397413751 5
1 4 832 17466263374 5
4 2 4 17466286152 5
2 0 8 17519419355 5
0 4 7488 17588268978 5
4 3 4 17588291756 5
3 1 8 17641425073 5
1 4 34112 17710274900 5
4 2 4 17710297678 5
2 0 8 17763431563 5
0 4 4160 17832282413 5
4 3 4 17832305191 5
3 1 8 17885439133 5
1 4 7488 17954290085 5
4 2 4 17954312863 5
2 0 8 18007446919 5
0 3 832 18636244720 6
0 4 4992000 18636244720 6
3 1 8 18689375763 6
0 4 832 18705095876 5
4 2 4 18705118654 5
1 4 7488 18758221501 6
4 3 4 18758244279 6
2 0 8 18758252710 5
3 0 8 18811375436 6
0 4 14144 18827103866 5
4 2 4 18827126645 5
1 4 27456 18880221379 6
4 3 4 18880244157 6
2 0 8 18880260927 5
3 0 8 18933375768 6
0 4 7488 18949112493 5
4 2 4 18949135271 5
1 4 10816 19002222529 6
4 3 4 19002245307 6
2 0 8 19002269667 5
3 0 8 19055377089 6
0 4 7488 19071121437 5
4 2 4 19071144216 5
1 4 7488 19124224156 6
4 3 4 19124246935 6
2 0 8 19124278726 5
3 0 8 19177378830 6
0 4 832 19193130700 5
4 2 4 19193153478 5
1 4 4160 19246226102 6
4 3 4 19246248880 6
2 0 8 19246287988 5
3 0 8 19299380833 6
0 4 10816 19315139963 5
4 2 4 19315162741 5
1 4 7488 19368228207 6
4 3 4 19368250985 6
2 0 8 19368297422 5
3 0 8 19421383051 6
0 4 7488 19437149703 5
4 2 4 19437172481 5
1 4 832 19490230629 6
4 3 4 19490253408 6
2 0 8 19490307275 5
3 0 8 19543385474 6
0 4 7488 19559159761 5
4 2 4 19559182539 5
1 4 832 19612233052 6
4 3 4 19612255830 6
2 0 8 19612317447 5
3 0 8 19665387897 6
0 4 20800 19681170137 5
4 2 4 19681192915 5
1 4 14144 19734235475 6
4 3 4 19734258253 6
2 0 8 19734328164 5
3 0 8 19787390547 6
0 4 832 19803181468 5
4 2 4 19803204246 5
1 4 4160 19856238534 6
4 3 4 19856261312 6
2 0 8 19856339495 5
3 0 8 19909393663 6
0 4 4160 19925192798 5
4 2 4 19925215577 5
1 4 4160 19978241752 6
4 3 4 19978264530 6
2 0 8 19978350882 5
3 0 8 20031396938 6
0 4 10816 20047204288 5
4 2 4 20047227066 5
1 4 7488 20100245129 6
4 3 4 20100267908 6
2 0 8 20100362542 5
3 0 8 20153400429 6
0 4 832 20169216255 5
4 2 4 20169239033 5
1 4 832 20222248825 6
4 3 4 20222271603 6
2 0 8 20222374509 5
3 0 8 20275404124 6
0 4 14144 20291228222 5
4 2 4 20291251000 5
1 4 54080 20344252520 6
4 3 4 20344275298 6
2 0 8 20344386704 5
3 0 8 20397408729 6
0 4 4160 20413240825 5
4 2 4 20413263603 5
1 4 4160 20466258761 6
4 3 4 20466281539 6
2 0 8 20466399364 5
3 0 8 20519415026 6
0 4 4160 20535253587 5
4 2 4 20535276365 5
1 4 40768 20588265160 6
4 3 4 20588287938 6
2 0 8 20588412183 5
3 0 8 20641422107 6
0 4 832 20657266508 5
4 2 4 20657289287 5
1 4 14144 20710273468 6
4 3 4 20710296247 6
2 0 8 20710425104 5
3 0 8 20763430643 6
0 4 14144 20779279430 5
4 2 4 20779302208 5
1 4 832 20832282413 6
4 3 4 20832305191 6
2 0 8 20832438253 5
3 0 8 20885439588 6
0 4 7488 20901292987 5
4 2 4 20901315766 5
1 4 17472 20954291358 6
4 3 4 20954314136 6
2 0 8 20954451924 5
3 0 8 21007448816 6
0 4 17472 21023306863 5
4 2 4 21023329641 5
2 0 8 21076466084 5
0 4 832 21145321534 5
4 3 4 21145344312 5
3 1 8 21198480755 5
1 2 832 21636244720 7
1 4 4992000 21636244720 7
2 0 8 21689375763 7
1 4 4160 21705097001 6
4 3 4 21705119779 6
0 4 50752 21758221501 7
4 2 4 21758244279 7
3 1 8 21758254516 6
1 4 832 21773952451 5
4 3 4 21773975229 5
2 1 8 21811376175 7
3 0 8 21827111672 5
1 4 4160 21842804834 6
4 2 4 21842827613 6
0 4 832 21880223446 7
4 3 4 21880246225 7
2 0 8 21895962407 6
1 4 37440 21911660285 5
3 0 8 21933378121 7
0 4 17472 21964814892 6
4 2 4 21964837671 6
1 4 44096 22002225392 7
4 3 4 22002248170 7
2 0 8 22017972749 6
3 0 8 22055380805 7
0 4 24128 22086825746 6
4 2 4 22086848524 6
1 4 14144 22124229406 7
4 3 4 22124252184 7
2 0 8 22139984000 6
3 0 8 22177385046 7
0 4 7488 22208837713 6
4 2 4 22208860491 6
1 4 4160 22246234055 7
4 3 4 22246256834 7
2 0 8 22261996081 6
3 0 8 22299389752 7
0 4 832 22330849998 6
4 2 4 22330872776 6
1 4 832 22368238864 7
4 3 4 22368261642 7
2 0 8 22384008366 6
3 0 8 22421394561 7
0 4 7488 22452862283 6
4 2 4 22452885061 6
1 4 4160 22490243673 7
4 3 4 22490266451 7
2 0 8 22506020765 6
3 0 8 22543399427 7
0 4 832 22574874886 6
4 2 4 22574897664 6
1 4 4160 22612248641 7
4 3 4 22612271419 7
2 0 8 22628033368 6
3 0 8 22665404452 7
0 4 7488 22696887489 6
4 2 4 22696910267 6
1 4 4160 22734253768 7
4 3 4 22734276546 7
2 0 8 22750046085 6
3 0 8 22787409635 7
0 4 4160 22818900410 6
4 2 4 22818923189 6
1 4 832 22856259054 7
4 3 4 22856281832 7
2 0 8 22872059063 6
3 0 8 22909414921 7
0 4 4160 22940913491 6
4 2 4 22940936269 6
1 4 4160 22978264340 7
4 3 4 22978287118 7
2 0 8 22994072200 6
3 0 8 23031420264 7
0 4 4160 23062926730 6
4 2 4 23062949509 6
1 4 832 23100269785 7
4 3 4 23100292563 7
2 0 8 23116085496 6
3 0 8 23153425709 7
0 4 7488 23184940129 6
4 2 4 23184962907 6
1 4 7488 23222275230 7
4 3 4 23222298008 7
2 0 8 23238099008 6
3 0 8 23275431268 7
0 4 832 23306953845 6
4 2 4 23306976624 6
1 4 4160 23344280993 7
4 3 4 23344303772 7
2 0 8 23360112725 6
3 0 8 23397437088 7
0 4 27456 23428967562 6
4 2 4 23428990340 6
1 4 4160 23466286916 7
4 3 4 23466309694 7
2 0 8 23482126896 6
3 0 8 23519443067 7
0 4 7488 23550982551 6
4 2 4 23551005330 6
1 4 7488 23588292997 7
4 3 4 23588315775 7
2 0 8 23604141999 6
3 0 8 23641449262 7
0 4 4160 23672997859 6
1 4 24128 23710299397 7
4 2 4 23710322175 7
2 0 8 23763456060 7
0 4 4160 23832306909 7
4 3 4 23832329688 7
3 1 8 23885463630 7
1 4 4160 23954314582 7
4 2 4 23954337360 7
2 0 8 24007471358 7
0 3 832 24636244720 8
0 4 4992000 24636244720 8
3 1 8 24689375763 8
0 4 14144 24705095774 7
4 2 4 24705118552 7
1 4 7488 24758221501 8
4 3 4 24758244279 8
2 0 8 24758252778 7
3 0 8 24811375436 8
0 4 7488 24827104241 7
4 2 4 24827127019 7
1 4 17472 24880221379 8
4 3 4 24880244157 8
2 0 8 24880261359 7
3 0 8 24933375598 8
0 4 4160 24949113027 7
4 2 4 24949135805 7
1 4 7488 25002222052 8
4 3 4 25002244830 8
2 0 8 25002270201 7
3 0 8 25055376385 8
0 4 7488 25071121971 7
4 2 4 25071144750 7
1 4 17472 25124223043 8
4 3 4 25124245821 8
2 0 8 25124279260 7
3 0 8 25177377660 8
0 4 4160 25193131234 7
4 2 4 25193154012 7
1 4 14144 25246224829 8
4 3 4 25246247608 8
2 0 8 25246288579 7
3 0 8 25299379674 8
0 4 7488 25315140656 7
4 2 4 25315163434 7
1 4 832 25368227252 8
4 3 4 25368250030 8
2 0 8 25368298115 7
3 0 8 25421382097 8
0 4 14144 25437150396 7
4 2 4 25437173174 7
1 4 7488 25490229675 8
4 3 4 25490252453 8
2 0 8 25490308082 7
3 0 8 25543384633 8
0 4 7488 25559160772 7
4 2 4 25559183550 7
1 4 37440 25612232416 8
4 3 4 25612255194 8
2 0 8 25612318572 7
3 0 8 25665387999 8
0 4 30784 25681171466 7
4 2 4 25681194245 7
1 4 14144 25734236907 8
4 3 4 25734259685 8
2 0 8 25734329778 7
3 0 8 25787392717 8
0 4 50752 25803183592 7
4 2 4 25803206371 7
1 4 10816 25856242034 8
4 3 4 25856264812 8
2 0 8 25856342756 7
3 0 8 25909398015 8
0 4 14144 25925198104 7
4 2 4 25925220883 7
1 4 4160 25978247638 8
4 3 4 25978270416 8
2 0 8 25978357495 7
3 0 8 26031403676 8
0 4 832 26047213253 7
4 2 4 26047236031 7
1 4 14144 26100253401 8
4 3 4 26100276179 8
2 0 8 26100372644 7
3 0 8 26153409666 8
0 4 27456 26169228401 7
1 4 7488 26222259800 8
4 2 4 26222282579 8
2 0 8 26275416180 8
0 4 7488 26344266518 8
4 3 4 26344289296 8
3 1 8 26397423011 8
1 4 10816 26466273554 8
4 2 4 26466296332 8
2 0 8 26519430217 8
0 4 4160 26588281067 8
4 3 4 26588303845 8
3 1 8 26641437787 8
1 4 4160 26710288739 8
4 2 4 26710311517 8
2 0 8 26763445516 8
0 4 24128 26832296570 8
4 3 4 26832319348 8
3 1 8 26885453745 8
1 4 10816 26954305515 8
4 2 4 26954328293 8
2 0 8 27007462860 8
0 4 37440 27076314936 8
4 3 4 27076337715 8
3 1 8 27129472907 8
1 3 832 27636244720 9
1 4 4992000 27636244720 9
2 0 8 27689375763 9
1 4 832 27705097921 8
4 3 4 27705120699 8
0 4 4160 27758221501 9
4 2 4 27758244279 9
3 1 8 27758255891 8
2 1 8 27811375379 9
1 4 832 27827109092 8
4 3 4 27827131871 8
0 4 10816 27880221220 9
4 2 4 27880243998 9
3 1 8 27880267063 8
2 1 8 27933375268 9
1 4 4160 27949120264 8
4 3 4 27949143042 8
0 4 832 28002221415 9
4 2 4 28002244194 9
3 1 8 28002278291 8
2 1 8 28055375464 9
1 4 832 28071131595 8
4 3 4 28071154373 8
0 4 10816 28124221611 9
4 2 4 28124244389 9
3 1 8 28124289622 8
2 1 8 28177375831 9
1 4 832 28193142925 8
4 3 4 28193165703 8
0 4 10816 28246222284 9
4 2 4 28246245063 9
3 1 8 28246300952 8
2 1 8 28299376674 9
1 4 14144 28315154256 8
4 3 4 28315177034 8
0 4 4160 28368223435 9
4 2 4 28368246213 9
3 1 8 28368312510 8
2 1 8 28421377881 9
1 4 832 28437166223 8
4 3 4 28437189001 8
0 4 24128 28490224744 9
4 2 4 28490247522 9
3 1 8 28490324477 8
2 1 8 28543379588 9
1 4 4160 28559178190 8
4 3 4 28559200968 8
0 4 4160 28612227167 9
4 2 4 28612249945 9
3 1 8 28612336501 8
2 1 8 28665382068 9
1 4 14144 28681190315 8
4 3 4 28681213094 8
0 4 14144 28734229749 9
4 2 4 28734252527 9
3 1 8 28734348854 8
2 1 8 28787384877 9
1 4 30784 28803203078 8
4 3 4 28803225856 8
0 4 4160 28856232967 9
4 2 4 28856255745 9
3 1 8 28856362128 8
2 1 8 28909388152 9
1 4 4160 28925217272 8
4 3 4 28925240050 8
0 4 10816 28978236344 9
4 2 4 28978259122 9
3 1 8 28978376379 8
2 1 8 29031391700 9
1 4 14144 29047231624 8
4 3 4 29047254403 8
0 4 7488 29100240198 9
4 2 4 29100262977 9
3 1 8 29100390959 8
2 1 8 29153395668 9
1 4 14144 29169246614 8
0 4 10816 29222244371 9
4 3 4 29222267149 9
3 1 8 29275400011 9
1 4 832 29344249021 9
4 2 4 29344271799 9
2 0 8 29397404661 9
0 4 14144 29466253670 9
4 3 4 29466276449 9
3 1 8 29519409538 9
1 4 14144 29588258956 9
4 2 4 29588281735 9
2 0 8 29641415051 9
0 4 10816 29710264879 9
4 3 4 29710287657 9
3 1 8 29763421144 9
1 4 14144 29832271278 9
4 2 4 29832294056 9
2 0 8 29885427771 9
0 4 27456 29954278314 9
4 3 4 29954301092 9
3 1 8 30007435261 9
1 4 7488 30076286622 9
4 2 4 30076309401 9
2 0 8 30129443683 9
0 2 832 30636244720 10
0 4 4992000 30636244720 10
3 1 8 30689375763 10
0 4 7488 30705096285 9
4 2 4 30705119063 9
1 4 7488 30758221501 10
4 3 4 30758244279 10
2 0 8 30758253460 9
3 0 8 30811375436 10
0 4 832 30827105230 9
4 2 4 30827128008 9
1 4 10816 30880221379 10
4 3 4 30880244157 10
2 0 8 30880262404 9
3 0 8 30933375484 10
0 4 30784 30949114174 9
4 2 4 30949136952 9
1 4 832 31002221733 10
4 3 4 31002244512 10
2 0 8 31002271860 9
3 0 8 31055375839 10
0 4 27456 31071124550 9
4 2 4 31071147329 9
1 4 24128 31124222088 10
4 3 4 31124244867 10
2 0 8 31124282691 9
3 0 8 31177376592 10
0 4 20800 31193136199 9
4 2 4 31193158977 9
1 4 7488 31246223557 10
4 3 4 31246246335 10
2 0 8 31246294681 9
3 0 8 31299378174 10
0 4 832 31315148802 9
4 2 4 31315171581 9
1 4 10816 31368225343 10
4 3 4 31368248122 10
2 0 8 31368307284 9
3 0 8 31421380131 10
0 4 4160 31437161405 9
4 2 4 31437184184 9
1 4 4160 31490227607 10
4 3 4 31490250385 10
2 0 8 31490319944 9
3 0 8 31543382452 10
0 4 24128 31559174168 9
4 2 4 31559196946 9
1 4 40768 31612230030 10
4 3 4 31612252808 10
2 0 8 31612333104 9
3 0 8 31665385556 10
0 4 27456 31681188043 9
4 2 4 31681210822 9
1 4 7488 31734234362 10
4 3 4 31734257140 10
2 0 8 31734347435 9
3 0 8 31787390002 10
0 4 7488 31803203192 9
1 4 10816 31856239011 10
4 2 4 31856261790 10
2 0 8 31909394822 10
0 4 832 31978244138 10
4 3 4 31978266916 10
3 1 8 32031399949 10
1 4 14144 32100249265 10
4 2 4 32100272043 10
2 0 8 32153405303 10
0 4 7488 32222255028 10
4 3 4 32222277807 10
3 1 8 32275411180 10
1 4 832 32344261110 10
4 2 4 32344283888 10
2 0 8 32397417262 10
0 4 14144 32466267191 10
4 3 4 32466289969 10
3 1 8 32519423570 10
1 4 4160 32588273909 10
4 2 4 32588296687 10
2 0 8 32641430345 10
0 4 50752 32710280786 10
4 3 4 32710303564 10
3 1 8 32763438074 10
1 4 832 32832290048 10
4 2 4 32832312827 10
2 0 8 32885447337 10
0 4 4160 32954299311 10
4 3 4 32954322089 10
3 1 8 33007456656 10
1 2 832 33636244720 11
1 4 4992000 33636244720 11
2 0 8 33689375763 11
1 4 832 33705096796 10
4 3 4 33705119574 10
0 4 4160 33758221501 11
4 2 4 33758244279 11
3 1 8 33758254141 10
2 1 8 33811375379 11
1 4 832 33827106218 10
4 3 4 33827128996 10
0 4 7488 33880221220 11
4 2 4 33880243998 11
3 1 8 33880263563 10
2 1 8 33933375212 11
1 4 4160 33949115640 10
4 3 4 33949138418 10
0 4 14144 34002221256 11
4 2 4 34002244035 11
3 1 8 34002273042 10
2 1 8 34055375476 11
1 4 10816 34071125221 10
4 3 4 34071147999 10
0 4 10816 34124221929 11
4 2 4 34124244708 11
3 1 8 34124282793 10
2 1 8 34177376319 11
1 4 17472 34193135279 10
4 3 4 34193158057 10
0 4 14144 34246223080 11
4 2 4 34246245858 11
3 1 8 34246293135 10
2 1 8 34299377697 11
1 4 7488 34315146132 10
4 3 4 34315168910 10
0 4 4160 34368224866 11
4 2 4 34368247644 11
3 1 8 34368304102 10
2 1 8 34421379540 11
1 4 832 34437157304 10
4 3 4 34437180082 10
0 4 14144 34490226812 11
4 2 4 34490249590 11
3 1 8 34490315274 10
2 1 8 34543381713 11
1 4 4160 34559168475 10
4 3 4 34559191254 10
0 4 4160 34612229394 11
4 2 4 34612252172 11
3 1 8 34612326502 10
2 1 8 34665384352 11
1 4 4160 34681179806 10
4 3 4 34681202584 10
0 4 17472 34734232135 11
4 2 4 34734254913 11
3 1 8 34734337890 10
2 1 8 34787387377 11
1 4 4160 34803191296 10
4 3 4 34803214074 10
0 4 7488 34856235671 11
4 2 4 34856258449 11
3 1 8 34856349436 10
2 1 8 34909391027 11
1 4 832 34925202944 10
4 3 4 34925225723 10
0 4 17472 34978239525 11
4 2 4 34978262304 11
3 1 8 34978361085 10
2 1 8 35031395165 11
1 4 832 35047214593 10
4 3 4 35047237371 10
0 4 7488 35100244175 11
4 2 4 35100266953 11
3 1 8 35100372734 10
2 1 8 35153399929 11
1 4 17472 35169226242 10
4 3 4 35169249020 10
0 4 832 35222249143 11
4 2 4 35222271921 11
3 1 8 35222384667 10
2 1 8 35275404897 11
1 4 37440 35291238686 10
4 3 4 35291261464 10
0 4 30784 35344254111 11
4 2 4 35344276889 11
3 1 8 35344397736 10
2 1 8 35397410376 11
1 4 4160 35413252880 10
4 3 4 35413275658 10
0 4 10816 35466260510 11
4 2 4 35466283289 11
3 1 8 35466411987 10
2 1 8 35519416946 11
1 4 10816 35535267233 10
4 3 4 35535290011 10
0 4 832 35588267387 11
4 2 4 35588290165 11
3 1 8 35588426510 10
2 1 8 35641423823 11
1 4 7488 35657282063 10
4 3 4 35657304841 10
0 4 7488 35710274264 11
4 2 4 35710297042 11
3 1 8 35710441454 10
2 1 8 35763430813 11
1 4 20800 35779297211 10
0 4 832 35832281459 11
4 3 4 35832304237 11
3 1 8 35885438008 11
1 4 24128 35954288653 11
4 2 4 35954311432 11
2 0 8 36007445601 11
0 4 14144 36076296962 11
4 3 4 36076319740 11
3 1 8 36129454136 11
1 4 4160 36198305906 11
4 2 4 36198328685 11
2 0 8 36251463138 11
0 4 14144 36320315010 11
4 3 4 36320337788 11
3 1 8 36373472469 11
1 4 832 36442324750 11
4 2 4 36442347528 11
2 0 8 36495482209 11
0 4 34112 36564334490 11
4 3 4 36564357268 11
3 1 8 36617492517 11
1 4 4160 36686345821 11
4 2 4 36686368599 11
2 0 8 36739503905 11
0 4 24128 36808357310 11
4 3 4 36808380088 11
3 1 8 36861515792 11
1 4 4160 36930369913 11
4 2 4 36930392692 11
2 0 8 36983528452 11
0 4 17472 37052382676 11
4 3 4 37052405454 11
3 1 8 37105541498 11
1 4 4160 37174396233 11
4 2 4 37174419011 11
2 0 8 37227555113 11
0 4 14144 37296409950 11
4 3 4 37296432728 11
3 1 8 37349569057 11
1 4 14144 37418424303 11
4 2 4 37418447081 11
2 0 8 37471583637 11
0 4 24128 37540439292 11
